// Jest Snapshot v1, https://goo.gl/fbAQLP

exports[`<AccountScreen /> matches the snapshot 1`] = `
<RCTSafeAreaView
  emulateUnlessSupported={true}
>
  <RCTSafeAreaView
    emulateUnlessSupported={true}
    style={
      Array [
        Object {
          "backgroundColor": "#6200ee",
          "elevation": 4,
          "zIndex": 0,
        },
        Object {
          "shadowColor": "#000000",
          "shadowOffset": Object {
            "height": 3,
            "width": 0,
          },
          "shadowOpacity": 0.24,
          "shadowRadius": 4,
        },
      ]
    }
  >
    <View
      style={
        Object {
          "alignItems": "center",
          "backgroundColor": "#6200ee",
          "elevation": 0,
          "flexDirection": "row",
          "height": 56,
          "marginTop": 0,
          "paddingHorizontal": 4,
        }
      }
    >
      <View
        style={
          Object {
            "width": 48,
          }
        }
      />
      <View
        accessible={true}
        focusable={false}
        onClick={[Function]}
        onResponderGrant={[Function]}
        onResponderMove={[Function]}
        onResponderRelease={[Function]}
        onResponderTerminate={[Function]}
        onResponderTerminationRequest={[Function]}
        onStartShouldSetResponder={[Function]}
        style={
          Array [
            Object {
              "flex": 1,
              "paddingHorizontal": 12,
            },
            Array [
              false,
              Object {
                "alignItems": "center",
              },
              undefined,
            ],
          ]
        }
      >
        <Text
          accessibilityRole="header"
          accessibilityTraits="header"
          accessible={true}
          numberOfLines={1}
          style={
            Array [
              Object {
                "color": "#000000",
                "fontFamily": "System",
                "fontWeight": "400",
                "textAlign": "left",
              },
              Array [
                Object {
                  "color": "#ffffff",
                  "fontFamily": "System",
                  "fontWeight": "400",
                },
                Object {
                  "fontSize": 17,
                },
                undefined,
              ],
            ]
          }
        >
          ACCOUNT
        </Text>
      </View>
      <View
        style={
          Object {
            "width": 48,
          }
        }
      />
    </View>
  </RCTSafeAreaView>
  <View
    style={
      Object {
        "alignItems": "center",
        "justifyContent": "center",
        "marginTop": "50%",
      }
    }
  >
    <View
      className="button"
      style={
        Object {
          "backgroundColor": "#6200ee",
          "borderColor": "transparent",
          "borderRadius": 4,
          "borderStyle": "solid",
          "borderWidth": 0,
          "elevation": 2,
          "height": 60,
          "justifyContent": "center",
          "margin": 10,
          "minWidth": 64,
          "shadowColor": "#000000",
          "shadowOffset": Object {
            "height": 0.75,
            "width": 0,
          },
          "shadowOpacity": 0.24,
          "shadowRadius": 1.5,
          "width": "100%",
        }
      }
    >
      <View
        accessibilityRole="button"
        accessibilityState={
          Object {
            "disabled": undefined,
          }
        }
        accessible={true}
        focusable={true}
        onClick={[Function]}
        onResponderGrant={[Function]}
        onResponderMove={[Function]}
        onResponderRelease={[Function]}
        onResponderTerminate={[Function]}
        onResponderTerminationRequest={[Function]}
        onStartShouldSetResponder={[Function]}
        style={
          Array [
            Object {
              "overflow": "hidden",
            },
            Object {
              "borderRadius": 4,
            },
          ]
        }
      >
        <View
          style={
            Array [
              Object {
                "alignItems": "center",
                "flexDirection": "row",
                "justifyContent": "center",
              },
              undefined,
            ]
          }
        >
          <View
            style={
              Object {
                "marginLeft": 12,
                "marginRight": -4,
              }
            }
          >
            <Text
              accessibilityElementsHidden={true}
              allowFontScaling={false}
              importantForAccessibility="no-hide-descendants"
              pointerEvents="none"
              style={
                Array [
                  Object {
                    "color": "#ffffff",
                    "fontSize": 16,
                  },
                  Array [
                    Object {
                      "transform": Array [
                        Object {
                          "scaleX": 1,
                        },
                      ],
                    },
                    Object {
                      "backgroundColor": "transparent",
                    },
                  ],
                  Object {
                    "fontFamily": "material-community",
                    "fontStyle": "normal",
                    "fontWeight": "normal",
                  },
                  Object {},
                ]
              }
            >
              
            </Text>
          </View>
          <Text
            numberOfLines={1}
            style={
              Array [
                Object {
                  "color": "#000000",
                  "fontFamily": "System",
                  "fontWeight": "400",
                  "textAlign": "left",
                },
                Array [
                  Object {
                    "letterSpacing": 1,
                    "marginHorizontal": 16,
                    "marginVertical": 9,
                    "textAlign": "center",
                  },
                  undefined,
                  Object {
                    "textTransform": "uppercase",
                  },
                  Object {
                    "color": "#ffffff",
                    "fontFamily": "System",
                    "fontWeight": "500",
                  },
                  Object {
                    "fontFamily": "System",
                    "fontWeight": "500",
                  },
                  undefined,
                ],
              ]
            }
          >
            Change Email address
          </Text>
        </View>
      </View>
    </View>
    <View
      className="button"
      style={
        Object {
          "backgroundColor": "#6200ee",
          "borderColor": "transparent",
          "borderRadius": 4,
          "borderStyle": "solid",
          "borderWidth": 0,
          "elevation": 2,
          "height": 60,
          "justifyContent": "center",
          "margin": 10,
          "minWidth": 64,
          "shadowColor": "#000000",
          "shadowOffset": Object {
            "height": 0.75,
            "width": 0,
          },
          "shadowOpacity": 0.24,
          "shadowRadius": 1.5,
          "width": "100%",
        }
      }
    >
      <View
        accessibilityRole="button"
        accessibilityState={
          Object {
            "disabled": undefined,
          }
        }
        accessible={true}
        focusable={true}
        onClick={[Function]}
        onResponderGrant={[Function]}
        onResponderMove={[Function]}
        onResponderRelease={[Function]}
        onResponderTerminate={[Function]}
        onResponderTerminationRequest={[Function]}
        onStartShouldSetResponder={[Function]}
        style={
          Array [
            Object {
              "overflow": "hidden",
            },
            Object {
              "borderRadius": 4,
            },
          ]
        }
      >
        <View
          style={
            Array [
              Object {
                "alignItems": "center",
                "flexDirection": "row",
                "justifyContent": "center",
              },
              undefined,
            ]
          }
        >
          <View
            style={
              Object {
                "marginLeft": 12,
                "marginRight": -4,
              }
            }
          >
            <Text
              accessibilityElementsHidden={true}
              allowFontScaling={false}
              importantForAccessibility="no-hide-descendants"
              pointerEvents="none"
              style={
                Array [
                  Object {
                    "color": "#ffffff",
                    "fontSize": 16,
                  },
                  Array [
                    Object {
                      "transform": Array [
                        Object {
                          "scaleX": 1,
                        },
                      ],
                    },
                    Object {
                      "backgroundColor": "transparent",
                    },
                  ],
                  Object {
                    "fontFamily": "material-community",
                    "fontStyle": "normal",
                    "fontWeight": "normal",
                  },
                  Object {},
                ]
              }
            >
              
            </Text>
          </View>
          <Text
            numberOfLines={1}
            style={
              Array [
                Object {
                  "color": "#000000",
                  "fontFamily": "System",
                  "fontWeight": "400",
                  "textAlign": "left",
                },
                Array [
                  Object {
                    "letterSpacing": 1,
                    "marginHorizontal": 16,
                    "marginVertical": 9,
                    "textAlign": "center",
                  },
                  undefined,
                  Object {
                    "textTransform": "uppercase",
                  },
                  Object {
                    "color": "#ffffff",
                    "fontFamily": "System",
                    "fontWeight": "500",
                  },
                  Object {
                    "fontFamily": "System",
                    "fontWeight": "500",
                  },
                  undefined,
                ],
              ]
            }
          >
            Change name
          </Text>
        </View>
      </View>
    </View>
    <View
      className="button"
      style={
        Object {
          "backgroundColor": "#6200ee",
          "borderColor": "transparent",
          "borderRadius": 4,
          "borderStyle": "solid",
          "borderWidth": 0,
          "elevation": 2,
          "height": 60,
          "justifyContent": "center",
          "margin": 10,
          "minWidth": 64,
          "shadowColor": "#000000",
          "shadowOffset": Object {
            "height": 0.75,
            "width": 0,
          },
          "shadowOpacity": 0.24,
          "shadowRadius": 1.5,
          "width": "100%",
        }
      }
    >
      <View
        accessibilityRole="button"
        accessibilityState={
          Object {
            "disabled": undefined,
          }
        }
        accessible={true}
        focusable={true}
        onClick={[Function]}
        onResponderGrant={[Function]}
        onResponderMove={[Function]}
        onResponderRelease={[Function]}
        onResponderTerminate={[Function]}
        onResponderTerminationRequest={[Function]}
        onStartShouldSetResponder={[Function]}
        style={
          Array [
            Object {
              "overflow": "hidden",
            },
            Object {
              "borderRadius": 4,
            },
          ]
        }
      >
        <View
          style={
            Array [
              Object {
                "alignItems": "center",
                "flexDirection": "row",
                "justifyContent": "center",
              },
              undefined,
            ]
          }
        >
          <View
            style={
              Object {
                "marginLeft": 12,
                "marginRight": -4,
              }
            }
          >
            <Text
              accessibilityElementsHidden={true}
              allowFontScaling={false}
              importantForAccessibility="no-hide-descendants"
              pointerEvents="none"
              style={
                Array [
                  Object {
                    "color": "#ffffff",
                    "fontSize": 16,
                  },
                  Array [
                    Object {
                      "transform": Array [
                        Object {
                          "scaleX": 1,
                        },
                      ],
                    },
                    Object {
                      "backgroundColor": "transparent",
                    },
                  ],
                  Object {
                    "fontFamily": "material-community",
                    "fontStyle": "normal",
                    "fontWeight": "normal",
                  },
                  Object {},
                ]
              }
            >
              喇
            </Text>
          </View>
          <Text
            numberOfLines={1}
            style={
              Array [
                Object {
                  "color": "#000000",
                  "fontFamily": "System",
                  "fontWeight": "400",
                  "textAlign": "left",
                },
                Array [
                  Object {
                    "letterSpacing": 1,
                    "marginHorizontal": 16,
                    "marginVertical": 9,
                    "textAlign": "center",
                  },
                  undefined,
                  Object {
                    "textTransform": "uppercase",
                  },
                  Object {
                    "color": "#ffffff",
                    "fontFamily": "System",
                    "fontWeight": "500",
                  },
                  Object {
                    "fontFamily": "System",
                    "fontWeight": "500",
                  },
                  undefined,
                ],
              ]
            }
          >
            Change password
          </Text>
        </View>
      </View>
    </View>
  </View>
</RCTSafeAreaView>
`;

exports[`<AccountScreen /> renders correctly, test using Jest + Enzyme 1`] = `
<ForwardRef(SafeAreaView)>
  <withTheme(Appbar.Header)>
    <withTheme(Appbar.Content)
      title="ACCOUNT"
    />
  </withTheme(Appbar.Header)>
  <AccountModal
    form=""
    hidemodal={[Function]}
    visibility={false}
  />
  <View
    style={
      Object {
        "alignItems": "center",
        "justifyContent": "center",
        "marginTop": "50%",
      }
    }
  >
    <withTheme(Button)
      className="button"
      icon="email"
      mode="contained"
      onPress={[Function]}
      style={
        Object {
          "height": 60,
          "justifyContent": "center",
          "margin": 10,
          "width": "100%",
        }
      }
    >
      Change Email address
    </withTheme(Button)>
    <withTheme(Button)
      className="button"
      icon="account-edit"
      mode="contained"
      onPress={[Function]}
      style={
        Object {
          "height": 60,
          "justifyContent": "center",
          "margin": 10,
          "width": "100%",
        }
      }
    >
      Change name
    </withTheme(Button)>
    <withTheme(Button)
      className="button"
      icon="square-edit-outline"
      mode="contained"
      onPress={[Function]}
      style={
        Object {
          "height": 60,
          "justifyContent": "center",
          "margin": 10,
          "width": "100%",
        }
      }
    >
      Change password
    </withTheme(Button)>
  </View>
</ForwardRef(SafeAreaView)>
`;
