// Jest Snapshot v1, https://goo.gl/fbAQLP

exports[`<App /> matches the snapshot 1`] = `
<View
  collapsable={false}
  pointerEvents="box-none"
  style={
    Object {
      "flex": 1,
    }
  }
>
  <View
    style={
      Object {
        "flex": 1,
      }
    }
  >
    <RNCSafeAreaProvider
      onInsetsChange={[Function]}
      style={
        Array [
          Object {
            "flex": 1,
          },
          undefined,
        ]
      }
    >
      <View
        onLayout={[Function]}
        style={
          Object {
            "flex": 1,
          }
        }
      >
        <View
          pointerEvents="box-none"
          style={
            Object {
              "bottom": 0,
              "left": 0,
              "position": "absolute",
              "right": 0,
              "top": 0,
            }
          }
        >
          <View
            collapsable={false}
            style={
              Object {
                "opacity": 1,
              }
            }
          />
          <View
            accessibilityElementsHidden={false}
            closing={false}
            gestureVelocityImpact={0.3}
            importantForAccessibility="auto"
            onClose={[Function]}
            onGestureBegin={[Function]}
            onGestureCanceled={[Function]}
            onGestureEnd={[Function]}
            onOpen={[Function]}
            onTransitionStart={[Function]}
            pointerEvents="box-none"
            style={
              Object {
                "bottom": 0,
                "left": 0,
                "position": "absolute",
                "right": 0,
                "top": 0,
              }
            }
            transitionSpec={
              Object {
                "close": Object {
                  "animation": "spring",
                  "config": Object {
                    "damping": 500,
                    "mass": 3,
                    "overshootClamping": true,
                    "restDisplacementThreshold": 10,
                    "restSpeedThreshold": 10,
                    "stiffness": 1000,
                  },
                },
                "open": Object {
                  "animation": "spring",
                  "config": Object {
                    "damping": 500,
                    "mass": 3,
                    "overshootClamping": true,
                    "restDisplacementThreshold": 10,
                    "restSpeedThreshold": 10,
                    "stiffness": 1000,
                  },
                },
              }
            }
          >
            <View
              pointerEvents="box-none"
              style={
                Object {
                  "flex": 1,
                  "marginTop": 0,
                }
              }
            >
              <View
                collapsable={false}
                forwardedRef={[Function]}
                onGestureHandlerEvent={[Function]}
                onGestureHandlerStateChange={[Function]}
                style={
                  Object {
                    "flex": 1,
                    "transform": Array [
                      Object {
                        "translateX": 0,
                      },
                      Object {
                        "translateX": 0,
                      },
                    ],
                  }
                }
              >
                <View
                  pointerEvents="none"
                  style={
                    Object {
                      "backgroundColor": "rgb(242, 242, 242)",
                      "bottom": 0,
                      "left": 0,
                      "position": "absolute",
                      "shadowColor": "#000",
                      "shadowOffset": Object {
                        "height": 1,
                        "width": -1,
                      },
                      "shadowOpacity": 0.3,
                      "shadowRadius": 5,
                      "top": 0,
                      "width": 3,
                    }
                  }
                />
                <View
                  style={
                    Array [
                      Object {
                        "flex": 1,
                        "overflow": "hidden",
                      },
                      Array [
                        Object {
                          "backgroundColor": "rgb(242, 242, 242)",
                        },
                        undefined,
                      ],
                    ]
                  }
                >
                  <View
                    style={
                      Object {
                        "flex": 1,
                        "flexDirection": "column-reverse",
                      }
                    }
                  >
                    <View
                      style={
                        Object {
                          "flex": 1,
                        }
                      }
                    >
                      <RCTSafeAreaView
                        emulateUnlessSupported={true}
                      >
                        <RCTSafeAreaView
                          emulateUnlessSupported={true}
                          style={
                            Array [
                              Object {
                                "backgroundColor": "#6200ee",
                                "elevation": 4,
                                "zIndex": 0,
                              },
                              Object {
                                "shadowColor": "#000000",
                                "shadowOffset": Object {
                                  "height": 3,
                                  "width": 0,
                                },
                                "shadowOpacity": 0.24,
                                "shadowRadius": 4,
                              },
                            ]
                          }
                        >
                          <View
                            style={
                              Object {
                                "alignItems": "center",
                                "backgroundColor": "#6200ee",
                                "elevation": 0,
                                "flexDirection": "row",
                                "height": 56,
                                "marginTop": 0,
                                "paddingHorizontal": 4,
                              }
                            }
                          >
                            <View
                              style={
                                Object {
                                  "width": 48,
                                }
                              }
                            />
                            <View
                              accessible={true}
                              focusable={false}
                              onClick={[Function]}
                              onResponderGrant={[Function]}
                              onResponderMove={[Function]}
                              onResponderRelease={[Function]}
                              onResponderTerminate={[Function]}
                              onResponderTerminationRequest={[Function]}
                              onStartShouldSetResponder={[Function]}
                              style={
                                Array [
                                  Object {
                                    "flex": 1,
                                    "paddingHorizontal": 12,
                                  },
                                  Array [
                                    false,
                                    Object {
                                      "alignItems": "center",
                                    },
                                    undefined,
                                  ],
                                ]
                              }
                            >
                              <Text
                                accessibilityRole="header"
                                accessibilityTraits="header"
                                accessible={true}
                                numberOfLines={1}
                                style={
                                  Array [
                                    Object {
                                      "color": "#000000",
                                      "fontFamily": "System",
                                      "fontWeight": "400",
                                      "textAlign": "left",
                                    },
                                    Array [
                                      Object {
                                        "color": "#ffffff",
                                        "fontFamily": "System",
                                        "fontWeight": "400",
                                      },
                                      Object {
                                        "fontSize": 17,
                                      },
                                      undefined,
                                    ],
                                  ]
                                }
                              >
                                LOGIN
                              </Text>
                            </View>
                            <View
                              style={
                                Object {
                                  "width": 48,
                                }
                              }
                            />
                          </View>
                        </RCTSafeAreaView>
                        <View
                          style={
                            Object {
                              "height": "90%",
                              "justifyContent": "center",
                            }
                          }
                        >
                          <View
                            style={
                              Array [
                                Object {
                                  "backgroundColor": "#f2f2f2",
                                  "borderRadius": 25,
                                  "height": 55,
                                  "justifyContent": "center",
                                  "marginVertical": 15,
                                },
                                Object {
                                  "width": "100%",
                                },
                              ]
                            }
                          >
                            <View
                              style={
                                Array [
                                  Object {
                                    "backgroundColor": "rgb(231, 231, 231)",
                                    "borderTopLeftRadius": 4,
                                    "borderTopRightRadius": 4,
                                  },
                                  Object {},
                                ]
                              }
                            >
                              <View
                                style={
                                  Object {
                                    "backgroundColor": "rgba(0, 0, 0, 0.26)",
                                    "bottom": 0,
                                    "height": 2,
                                    "left": 0,
                                    "position": "absolute",
                                    "right": 0,
                                    "transform": Array [
                                      Object {
                                        "scaleY": 0.5,
                                      },
                                    ],
                                  }
                                }
                              />
                              <View
                                style={
                                  Object {
                                    "minHeight": 64,
                                    "paddingBottom": 0,
                                    "paddingTop": 0,
                                  }
                                }
                              >
                                <TextInput
                                  allowFontScaling={true}
                                  autoCapitalize="none"
                                  editable={true}
                                  id="email"
                                  multiline={false}
                                  onBlur={[Function]}
                                  onChangeText={[Function]}
                                  onFocus={[Function]}
                                  placeholder="Email"
                                  placeholderTextColor="rgba(0, 0, 0, 0.54)"
                                  rejectResponderTermination={true}
                                  selectionColor="#6200ee"
                                  style={
                                    Array [
                                      Object {
                                        "flexGrow": 1,
                                        "margin": 0,
                                        "textAlign": "left",
                                        "zIndex": 1,
                                      },
                                      Object {
                                        "paddingLeft": 12,
                                        "paddingRight": 12,
                                      },
                                      Object {
                                        "height": 64,
                                      },
                                      Object {
                                        "paddingBottom": 0,
                                        "paddingTop": 0,
                                      },
                                      Object {
                                        "color": "#000000",
                                        "fontFamily": "System",
                                        "fontSize": 16,
                                        "fontWeight": undefined,
                                        "textAlignVertical": "center",
                                      },
                                      Array [
                                        Object {},
                                      ],
                                    ]
                                  }
                                  underlineColorAndroid="transparent"
                                  value=""
                                />
                              </View>
                            </View>
                          </View>
                          <View
                            style={
                              Array [
                                Object {
                                  "backgroundColor": "#f2f2f2",
                                  "borderRadius": 25,
                                  "height": 55,
                                  "justifyContent": "center",
                                  "marginVertical": 15,
                                },
                                Object {
                                  "width": "100%",
                                },
                              ]
                            }
                          >
                            <View
                              style={
                                Array [
                                  Object {
                                    "backgroundColor": "rgb(231, 231, 231)",
                                    "borderTopLeftRadius": 4,
                                    "borderTopRightRadius": 4,
                                  },
                                  Object {},
                                ]
                              }
                            >
                              <View
                                style={
                                  Object {
                                    "backgroundColor": "rgba(0, 0, 0, 0.26)",
                                    "bottom": 0,
                                    "height": 2,
                                    "left": 0,
                                    "position": "absolute",
                                    "right": 0,
                                    "transform": Array [
                                      Object {
                                        "scaleY": 0.5,
                                      },
                                    ],
                                  }
                                }
                              />
                              <View
                                style={
                                  Object {
                                    "minHeight": 64,
                                    "paddingBottom": 0,
                                    "paddingTop": 0,
                                  }
                                }
                              >
                                <TextInput
                                  allowFontScaling={true}
                                  autoCapitalize="none"
                                  editable={true}
                                  id="paswword"
                                  multiline={false}
                                  onBlur={[Function]}
                                  onChangeText={[Function]}
                                  onFocus={[Function]}
                                  placeholder="Password"
                                  placeholderTextColor="rgba(0, 0, 0, 0.54)"
                                  rejectResponderTermination={true}
                                  secureTextEntry={true}
                                  selectionColor="#6200ee"
                                  style={
                                    Array [
                                      Object {
                                        "flexGrow": 1,
                                        "margin": 0,
                                        "textAlign": "left",
                                        "zIndex": 1,
                                      },
                                      Object {
                                        "paddingLeft": 12,
                                        "paddingRight": 12,
                                      },
                                      Object {
                                        "height": 64,
                                      },
                                      Object {
                                        "paddingBottom": 0,
                                        "paddingTop": 0,
                                      },
                                      Object {
                                        "color": "#000000",
                                        "fontFamily": "System",
                                        "fontSize": 16,
                                        "fontWeight": undefined,
                                        "textAlignVertical": "center",
                                      },
                                      Array [
                                        Object {},
                                      ],
                                    ]
                                  }
                                  underlineColorAndroid="transparent"
                                  value=""
                                />
                              </View>
                            </View>
                          </View>
                          <View
                            style={
                              Object {
                                "alignItems": "center",
                                "backgroundColor": "#6200ee",
                                "borderColor": "transparent",
                                "borderRadius": 25,
                                "borderStyle": "solid",
                                "borderWidth": 0,
                                "elevation": 2,
                                "justifyContent": "center",
                                "marginVertical": 5,
                                "minWidth": 64,
                                "padding": 15,
                                "shadowColor": "#000000",
                                "shadowOffset": Object {
                                  "height": 0.75,
                                  "width": 0,
                                },
                                "shadowOpacity": 0.24,
                                "shadowRadius": 1.5,
                                "width": "100%",
                              }
                            }
                          >
                            <View
                              accessibilityRole="button"
                              accessibilityState={
                                Object {
                                  "disabled": undefined,
                                }
                              }
                              accessible={true}
                              focusable={true}
                              onClick={[Function]}
                              onResponderGrant={[Function]}
                              onResponderMove={[Function]}
                              onResponderRelease={[Function]}
                              onResponderTerminate={[Function]}
                              onResponderTerminationRequest={[Function]}
                              onStartShouldSetResponder={[Function]}
                              style={
                                Array [
                                  Object {
                                    "overflow": "hidden",
                                  },
                                  Object {
                                    "borderRadius": 25,
                                  },
                                ]
                              }
                            >
                              <View
                                style={
                                  Array [
                                    Object {
                                      "alignItems": "center",
                                      "flexDirection": "row",
                                      "justifyContent": "center",
                                    },
                                    undefined,
                                  ]
                                }
                              >
                                <Text
                                  numberOfLines={1}
                                  style={
                                    Array [
                                      Object {
                                        "color": "#000000",
                                        "fontFamily": "System",
                                        "fontWeight": "400",
                                        "textAlign": "left",
                                      },
                                      Array [
                                        Object {
                                          "letterSpacing": 1,
                                          "marginHorizontal": 16,
                                          "marginVertical": 9,
                                          "textAlign": "center",
                                        },
                                        undefined,
                                        Object {
                                          "textTransform": "uppercase",
                                        },
                                        Object {
                                          "color": "#ffffff",
                                          "fontFamily": "System",
                                          "fontWeight": "500",
                                        },
                                        Object {
                                          "fontFamily": "System",
                                          "fontWeight": "500",
                                        },
                                        undefined,
                                      ],
                                    ]
                                  }
                                >
                                  <Text
                                    style={
                                      Object {
                                        "fontSize": 18,
                                        "fontWeight": "bold",
                                        "textTransform": "uppercase",
                                      }
                                    }
                                  >
                                    Login
                                  </Text>
                                </Text>
                              </View>
                            </View>
                          </View>
                          <View
                            style={
                              Object {
                                "backgroundColor": "transparent",
                                "borderColor": "transparent",
                                "borderRadius": 4,
                                "borderStyle": "solid",
                                "borderWidth": 0,
                                "elevation": 0,
                                "flexDirection": "row",
                                "justifyContent": "center",
                                "marginTop": 20,
                                "minWidth": 64,
                              }
                            }
                          >
                            <View
                              accessibilityRole="button"
                              accessibilityState={
                                Object {
                                  "disabled": undefined,
                                }
                              }
                              accessible={true}
                              focusable={true}
                              onClick={[Function]}
                              onResponderGrant={[Function]}
                              onResponderMove={[Function]}
                              onResponderRelease={[Function]}
                              onResponderTerminate={[Function]}
                              onResponderTerminationRequest={[Function]}
                              onStartShouldSetResponder={[Function]}
                              style={
                                Array [
                                  Object {
                                    "overflow": "hidden",
                                  },
                                  Object {
                                    "borderRadius": 4,
                                  },
                                ]
                              }
                            >
                              <View
                                style={
                                  Array [
                                    Object {
                                      "alignItems": "center",
                                      "flexDirection": "row",
                                      "justifyContent": "center",
                                    },
                                    undefined,
                                  ]
                                }
                              >
                                <Text
                                  numberOfLines={1}
                                  style={
                                    Array [
                                      Object {
                                        "color": "#000000",
                                        "fontFamily": "System",
                                        "fontWeight": "400",
                                        "textAlign": "left",
                                      },
                                      Array [
                                        Object {
                                          "letterSpacing": 1,
                                          "marginHorizontal": 16,
                                          "marginVertical": 9,
                                          "textAlign": "center",
                                        },
                                        undefined,
                                        Object {
                                          "textTransform": "uppercase",
                                        },
                                        Object {
                                          "color": "blue",
                                          "fontFamily": "System",
                                          "fontWeight": "500",
                                        },
                                        Object {
                                          "fontFamily": "System",
                                          "fontWeight": "500",
                                        },
                                        undefined,
                                      ],
                                    ]
                                  }
                                >
                                  Forgot Password
                                </Text>
                              </View>
                            </View>
                          </View>
                          <View>
                            <Text
                              style={
                                Array [
                                  Object {
                                    "color": "#000000",
                                    "fontFamily": "System",
                                    "fontWeight": "400",
                                    "textAlign": "left",
                                  },
                                  Array [
                                    Object {
                                      "color": "rgba(0, 0, 0, 0.87)",
                                      "fontFamily": "System",
                                      "fontWeight": "500",
                                      "textAlign": "left",
                                      "writingDirection": "ltr",
                                    },
                                    Array [
                                      Object {
                                        "fontSize": 20,
                                        "letterSpacing": 0.15,
                                        "lineHeight": 30,
                                        "marginVertical": 2,
                                      },
                                      Object {
                                        "justifyContent": "center",
                                        "textAlign": "center",
                                      },
                                    ],
                                    Array [
                                      Object {
                                        "fontSize": 20,
                                        "letterSpacing": 0.15,
                                        "lineHeight": 30,
                                        "marginVertical": 2,
                                      },
                                      Object {
                                        "justifyContent": "center",
                                        "textAlign": "center",
                                      },
                                    ],
                                  ],
                                ]
                              }
                            >
                              Don't have an account?
                            </Text>
                            <View
                              style={
                                Object {
                                  "backgroundColor": "transparent",
                                  "borderColor": "transparent",
                                  "borderRadius": 4,
                                  "borderStyle": "solid",
                                  "borderWidth": 0,
                                  "elevation": 0,
                                  "minWidth": 64,
                                }
                              }
                            >
                              <View
                                accessibilityRole="button"
                                accessibilityState={
                                  Object {
                                    "disabled": undefined,
                                  }
                                }
                                accessible={true}
                                focusable={true}
                                onClick={[Function]}
                                onResponderGrant={[Function]}
                                onResponderMove={[Function]}
                                onResponderRelease={[Function]}
                                onResponderTerminate={[Function]}
                                onResponderTerminationRequest={[Function]}
                                onStartShouldSetResponder={[Function]}
                                style={
                                  Array [
                                    Object {
                                      "overflow": "hidden",
                                    },
                                    Object {
                                      "borderRadius": 4,
                                    },
                                  ]
                                }
                              >
                                <View
                                  style={
                                    Array [
                                      Object {
                                        "alignItems": "center",
                                        "flexDirection": "row",
                                        "justifyContent": "center",
                                      },
                                      undefined,
                                    ]
                                  }
                                >
                                  <Text
                                    numberOfLines={1}
                                    style={
                                      Array [
                                        Object {
                                          "color": "#000000",
                                          "fontFamily": "System",
                                          "fontWeight": "400",
                                          "textAlign": "left",
                                        },
                                        Array [
                                          Object {
                                            "letterSpacing": 1,
                                            "marginHorizontal": 16,
                                            "marginVertical": 9,
                                            "textAlign": "center",
                                          },
                                          undefined,
                                          Object {
                                            "textTransform": "uppercase",
                                          },
                                          Object {
                                            "color": "#6200ee",
                                            "fontFamily": "System",
                                            "fontWeight": "500",
                                          },
                                          Object {
                                            "fontFamily": "System",
                                            "fontWeight": "500",
                                          },
                                          undefined,
                                        ],
                                      ]
                                    }
                                  >
                                    Register
                                  </Text>
                                </View>
                              </View>
                            </View>
                          </View>
                        </View>
                      </RCTSafeAreaView>
                    </View>
                  </View>
                </View>
              </View>
            </View>
          </View>
        </View>
      </View>
      <View
        pointerEvents="box-none"
        style={
          Array [
            Object {
              "zIndex": 1,
            },
            Object {
              "left": 0,
              "position": "absolute",
              "right": 0,
              "top": 0,
            },
          ]
        }
      />
    </RNCSafeAreaProvider>
  </View>
</View>
`;

exports[`<App /> renders correctly, test using Jest + Enzyme 1`] = `
<ContextProvider
  value={
    Object {
      "setUser": [Function],
      "user": undefined,
    }
  }
>
  <Provider>
    <ForwardRef(NavigationContainer)>
      <AuthNavigator
        test={false}
      />
    </ForwardRef(NavigationContainer)>
  </Provider>
</ContextProvider>
`;
